// Jest Snapshot v1, https://goo.gl/fbAQLP

exports[`<ListItem /> should match the snapshot 1`] = `
.c0 {
  padding: 12px;
  text-align: center;
}

<li
  className="c0"
/>
`;
